[     105ms] [INFO] %cDownload the React DevTools for a better development experience: https://react.dev/link/react-devtools font-weight:bold @ http://localhost:5174/node_modules/.vite/deps/react-dom_client.js?v=c3081d99:14337
[     246ms] [VERBOSE] [DOM] Input elements should have autocomplete attributes (suggested: "current-password"): (More info: https://goo.gl/9p2vKq) %o @ http://localhost:5174/login:0
[  306295ms] [ERROR] Error handled by React Router default ErrorBoundary: ReferenceError: canAccess is not defined
    at http://localhost:5174/src/components/layout/Sidebar.tsx?t=1777690123303:367:49
    at Array.filter (<anonymous>)
    at Sidebar (http://localhost:5174/src/components/layout/Sidebar.tsx?t=1777690123303:367:32)
    at Object.react_stack_bottom_frame (http://localhost:5174/node_modules/.vite/deps/react-dom_client.js?v=c3081d99:12868:12)
    at renderWithHooks (http://localhost:5174/node_modules/.vite/deps/react-dom_client.js?v=c3081d99:4213:19)
    at updateFunctionComponent (http://localhost:5174/node_modules/.vite/deps/react-dom_client.js?v=c3081d99:5569:16)
    at beginWork (http://localhost:5174/node_modules/.vite/deps/react-dom_client.js?v=c3081d99:6140:20)
    at runWithFiberInDEV (http://localhost:5174/node_modules/.vite/deps/react-dom_client.js?v=c3081d99:851:66)
    at performUnitOfWork (http://localhost:5174/node_modules/.vite/deps/react-dom_client.js?v=c3081d99:8429:92)
    at workLoopSync (http://localhost:5174/node_modules/.vite/deps/react-dom_client.js?v=c3081d99:8325:37) @ http://localhost:5174/@vite/client:509
[  306296ms] [ERROR] Error handled by React Router default ErrorBoundary: ReferenceError: canAccess is not defined
    at http://localhost:5174/src/components/layout/Sidebar.tsx?t=1777690123303:367:49
    at Array.filter (<anonymous>)
    at Sidebar (http://localhost:5174/src/components/layout/Sidebar.tsx?t=1777690123303:367:32)
    at Object.react_stack_bottom_frame (http://localhost:5174/node_modules/.vite/deps/react-dom_client.js?v=c3081d99:12868:12)
    at renderWithHooks (http://localhost:5174/node_modules/.vite/deps/react-dom_client.js?v=c3081d99:4213:19)
    at updateFunctionComponent (http://localhost:5174/node_modules/.vite/deps/react-dom_client.js?v=c3081d99:5569:16)
    at beginWork (http://localhost:5174/node_modules/.vite/deps/react-dom_client.js?v=c3081d99:6140:20)
    at runWithFiberInDEV (http://localhost:5174/node_modules/.vite/deps/react-dom_client.js?v=c3081d99:851:66)
    at performUnitOfWork (http://localhost:5174/node_modules/.vite/deps/react-dom_client.js?v=c3081d99:8429:92)
    at workLoopSync (http://localhost:5174/node_modules/.vite/deps/react-dom_client.js?v=c3081d99:8325:37) @ http://localhost:5174/@vite/client:509
[  306296ms] [ERROR] Error handled by React Router default ErrorBoundary: ReferenceError: canAccess is not defined
    at http://localhost:5174/src/components/layout/Sidebar.tsx?t=1777690123303:367:49
    at Array.filter (<anonymous>)
    at Sidebar (http://localhost:5174/src/components/layout/Sidebar.tsx?t=1777690123303:367:32)
    at Object.react_stack_bottom_frame (http://localhost:5174/node_modules/.vite/deps/react-dom_client.js?v=c3081d99:12868:12)
    at renderWithHooks (http://localhost:5174/node_modules/.vite/deps/react-dom_client.js?v=c3081d99:4213:19)
    at updateFunctionComponent (http://localhost:5174/node_modules/.vite/deps/react-dom_client.js?v=c3081d99:5569:16)
    at beginWork (http://localhost:5174/node_modules/.vite/deps/react-dom_client.js?v=c3081d99:6140:20)
    at runWithFiberInDEV (http://localhost:5174/node_modules/.vite/deps/react-dom_client.js?v=c3081d99:851:66)
    at performUnitOfWork (http://localhost:5174/node_modules/.vite/deps/react-dom_client.js?v=c3081d99:8429:92)
    at workLoopSync (http://localhost:5174/node_modules/.vite/deps/react-dom_client.js?v=c3081d99:8325:37) @ http://localhost:5174/@vite/client:509
[  306297ms] [ERROR] Error handled by React Router default ErrorBoundary: ReferenceError: canAccess is not defined
    at http://localhost:5174/src/components/layout/Sidebar.tsx?t=1777690123303:367:49
    at Array.filter (<anonymous>)
    at Sidebar (http://localhost:5174/src/components/layout/Sidebar.tsx?t=1777690123303:367:32)
    at Object.react_stack_bottom_frame (http://localhost:5174/node_modules/.vite/deps/react-dom_client.js?v=c3081d99:12868:12)
    at renderWithHooks (http://localhost:5174/node_modules/.vite/deps/react-dom_client.js?v=c3081d99:4213:19)
    at updateFunctionComponent (http://localhost:5174/node_modules/.vite/deps/react-dom_client.js?v=c3081d99:5569:16)
    at beginWork (http://localhost:5174/node_modules/.vite/deps/react-dom_client.js?v=c3081d99:6140:20)
    at runWithFiberInDEV (http://localhost:5174/node_modules/.vite/deps/react-dom_client.js?v=c3081d99:851:66)
    at performUnitOfWork (http://localhost:5174/node_modules/.vite/deps/react-dom_client.js?v=c3081d99:8429:92)
    at workLoopSync (http://localhost:5174/node_modules/.vite/deps/react-dom_client.js?v=c3081d99:8325:37) @ http://localhost:5174/@vite/client:509
[  306298ms] [ERROR] %o

%s

%s
 ReferenceError: canAccess is not defined
    at http://localhost:5174/src/components/layout/Sidebar.tsx?t=1777690123303:367:49
    at Array.filter (<anonymous>)
    at Sidebar (http://localhost:5174/src/components/layout/Sidebar.tsx?t=1777690123303:367:32)
    at Object.react_stack_bottom_frame (http://localhost:5174/node_modules/.vite/deps/react-dom_client.js?v=c3081d99:12868:12)
    at renderWithHooks (http://localhost:5174/node_modules/.vite/deps/react-dom_client.js?v=c3081d99:4213:19)
    at updateFunctionComponent (http://localhost:5174/node_modules/.vite/deps/react-dom_client.js?v=c3081d99:5569:16)
    at beginWork (http://localhost:5174/node_modules/.vite/deps/react-dom_client.js?v=c3081d99:6140:20)
    at runWithFiberInDEV (http://localhost:5174/node_modules/.vite/deps/react-dom_client.js?v=c3081d99:851:66)
    at performUnitOfWork (http://localhost:5174/node_modules/.vite/deps/react-dom_client.js?v=c3081d99:8429:92)
    at workLoopSync (http://localhost:5174/node_modules/.vite/deps/react-dom_client.js?v=c3081d99:8325:37) The above error occurred in the <Sidebar> component. React will try to recreate this component tree from scratch using the error boundary you provided, RenderErrorBoundary. @ http://localhost:5174/@vite/client:509
[  306298ms] [ERROR] React Router caught the following error during render ReferenceError: canAccess is not defined
    at http://localhost:5174/src/components/layout/Sidebar.tsx?t=1777690123303:367:49
    at Array.filter (<anonymous>)
    at Sidebar (http://localhost:5174/src/components/layout/Sidebar.tsx?t=1777690123303:367:32)
    at Object.react_stack_bottom_frame (http://localhost:5174/node_modules/.vite/deps/react-dom_client.js?v=c3081d99:12868:12)
    at renderWithHooks (http://localhost:5174/node_modules/.vite/deps/react-dom_client.js?v=c3081d99:4213:19)
    at updateFunctionComponent (http://localhost:5174/node_modules/.vite/deps/react-dom_client.js?v=c3081d99:5569:16)
    at beginWork (http://localhost:5174/node_modules/.vite/deps/react-dom_client.js?v=c3081d99:6140:20)
    at runWithFiberInDEV (http://localhost:5174/node_modules/.vite/deps/react-dom_client.js?v=c3081d99:851:66)
    at performUnitOfWork (http://localhost:5174/node_modules/.vite/deps/react-dom_client.js?v=c3081d99:8429:92)
    at workLoopSync (http://localhost:5174/node_modules/.vite/deps/react-dom_client.js?v=c3081d99:8325:37) @ http://localhost:5174/@vite/client:509
