[     128ms] [INFO] %cDownload the React DevTools for a better development experience: https://react.dev/link/react-devtools font-weight:bold @ http://localhost:5173/node_modules/.vite/deps/react-dom_client.js?v=c3081d99:14337
[ 1026901ms] [ERROR] Failed to load resource: the server responded with a status of 404 (Not Found) @ http://localhost:5173/src/components/guards/RoleGuard.tsx?t=1777739099611:0
[ 1026902ms] [ERROR] [vite] Failed to reload /src/components/guards/RoleGuard.tsx. This could be due to syntax errors or importing non-existent modules. (see errors above) @ http://localhost:5173/@vite/client:509
[ 1026903ms] [ERROR] Failed to load resource: the server responded with a status of 404 (Not Found) @ http://localhost:5173/src/features/accounting/pages/ProjectAccountingPage.tsx?t=1777739099612:0
[ 1026903ms] [ERROR] [vite] Failed to reload /src/features/accounting/pages/ProjectAccountingPage.tsx. This could be due to syntax errors or importing non-existent modules. (see errors above) @ http://localhost:5173/@vite/client:509
[ 1026904ms] [ERROR] Failed to load resource: the server responded with a status of 404 (Not Found) @ http://localhost:5173/src/features/accounting/pages/AccountingDashboardPage.tsx?t=1777739099613:0
[ 1026904ms] [ERROR] [vite] Failed to reload /src/features/accounting/pages/AccountingDashboardPage.tsx. This could be due to syntax errors or importing non-existent modules. (see errors above) @ http://localhost:5173/@vite/client:509
[ 1026907ms] [ERROR] Failed to load resource: the server responded with a status of 404 (Not Found) @ http://localhost:5173/src/features/accounting/pages/AccountingDashboardPage.tsx?t=1777739099614:0
[ 1026907ms] [ERROR] [vite] Failed to reload /src/features/accounting/pages/AccountingDashboardPage.tsx. This could be due to syntax errors or importing non-existent modules. (see errors above) @ http://localhost:5173/@vite/client:509
[ 1026911ms] [ERROR] Failed to load resource: the server responded with a status of 404 (Not Found) @ http://localhost:5173/src/features/accounting/pages/ProjectAccountingPage.tsx?t=1777739099615:0
[ 1026911ms] [ERROR] [vite] Failed to reload /src/features/accounting/pages/ProjectAccountingPage.tsx. This could be due to syntax errors or importing non-existent modules. (see errors above) @ http://localhost:5173/@vite/client:509
[ 1026915ms] [ERROR] Failed to load resource: the server responded with a status of 404 (Not Found) @ http://localhost:5173/src/features/operations/pages/OperationsDashboardPage.tsx?t=1777739099616:0
[ 1026915ms] [ERROR] [vite] Failed to reload /src/features/operations/pages/OperationsDashboardPage.tsx. This could be due to syntax errors or importing non-existent modules. (see errors above) @ http://localhost:5173/@vite/client:509
[ 1026915ms] [ERROR] Failed to load resource: the server responded with a status of 404 (Not Found) @ http://localhost:5173/src/features/achats/pages/AchatsPage.tsx?t=1777739099616:0
[ 1026916ms] [ERROR] [vite] Failed to reload /src/features/achats/pages/AchatsPage.tsx. This could be due to syntax errors or importing non-existent modules. (see errors above) @ http://localhost:5173/@vite/client:509
[ 1026922ms] [ERROR] Failed to load resource: the server responded with a status of 404 (Not Found) @ http://localhost:5173/src/features/achats/pages/AchatsPage.tsx?t=1777739099617:0
[ 1026922ms] [ERROR] [vite] Failed to reload /src/features/achats/pages/AchatsPage.tsx. This could be due to syntax errors or importing non-existent modules. (see errors above) @ http://localhost:5173/@vite/client:509
[ 1026928ms] [ERROR] Failed to load resource: the server responded with a status of 404 (Not Found) @ http://localhost:5173/src/features/dashboard/components/AiAnalysisWidget.tsx?t=1777739099618:0
[ 1026928ms] [ERROR] [vite] Failed to reload /src/features/dashboard/components/AiAnalysisWidget.tsx. This could be due to syntax errors or importing non-existent modules. (see errors above) @ http://localhost:5173/@vite/client:509
[ 1026945ms] [ERROR] Failed to load resource: the server responded with a status of 404 (Not Found) @ http://localhost:5173/src/features/dashboard/components/AiAnalysisWidget.tsx?t=1777739099619:0
[ 1026945ms] [ERROR] [vite] Failed to reload /src/features/dashboard/components/AiAnalysisWidget.tsx. This could be due to syntax errors or importing non-existent modules. (see errors above) @ http://localhost:5173/@vite/client:509
[ 1026953ms] [ERROR] Failed to load resource: the server responded with a status of 404 (Not Found) @ http://localhost:5173/src/features/ged/pages/GedPage.tsx?t=1777739099620:0
[ 1026953ms] [ERROR] [vite] Failed to reload /src/features/ged/pages/GedPage.tsx. This could be due to syntax errors or importing non-existent modules. (see errors above) @ http://localhost:5173/@vite/client:509
[ 1026959ms] [ERROR] Failed to load resource: the server responded with a status of 404 (Not Found) @ http://localhost:5173/src/features/ged/pages/GedPage.tsx?t=1777739099621:0
[ 1026959ms] [ERROR] [vite] Failed to reload /src/features/ged/pages/GedPage.tsx. This could be due to syntax errors or importing non-existent modules. (see errors above) @ http://localhost:5173/@vite/client:509
[ 1026963ms] [ERROR] Failed to load resource: the server responded with a status of 404 (Not Found) @ http://localhost:5173/src/features/operations/pages/OperationsDashboardPage.tsx?t=1777739099622:0
[ 1026963ms] [ERROR] [vite] Failed to reload /src/features/operations/pages/OperationsDashboardPage.tsx. This could be due to syntax errors or importing non-existent modules. (see errors above) @ http://localhost:5173/@vite/client:509
[ 1026968ms] [ERROR] Failed to load resource: the server responded with a status of 404 (Not Found) @ http://localhost:5173/src/features/operations/pages/OperationsDashboardPage.tsx?t=1777739099623:0
[ 1026968ms] [ERROR] [vite] Failed to reload /src/features/operations/pages/OperationsDashboardPage.tsx. This could be due to syntax errors or importing non-existent modules. (see errors above) @ http://localhost:5173/@vite/client:509
[ 1026972ms] [ERROR] Failed to load resource: the server responded with a status of 404 (Not Found) @ http://localhost:5173/src/features/permissions/pages/PermissionsPage.tsx?t=1777739099624:0
[ 1026972ms] [ERROR] [vite] Failed to reload /src/features/permissions/pages/PermissionsPage.tsx. This could be due to syntax errors or importing non-existent modules. (see errors above) @ http://localhost:5173/@vite/client:509
[ 1026976ms] [ERROR] Failed to load resource: the server responded with a status of 404 (Not Found) @ http://localhost:5173/src/features/projects/components/SituationTravauxModal.tsx?t=1777739099625:0
[ 1026976ms] [ERROR] [vite] Failed to reload /src/features/projects/components/SituationTravauxModal.tsx. This could be due to syntax errors or importing non-existent modules. (see errors above) @ http://localhost:5173/@vite/client:509
[ 1026984ms] [ERROR] Failed to load resource: the server responded with a status of 404 (Not Found) @ http://localhost:5173/src/features/projects/components/SituationTravauxModal.tsx?t=1777739099626:0
[ 1026984ms] [ERROR] [vite] Failed to reload /src/features/projects/components/SituationTravauxModal.tsx. This could be due to syntax errors or importing non-existent modules. (see errors above) @ http://localhost:5173/@vite/client:509
[ 1026994ms] [ERROR] Failed to load resource: the server responded with a status of 404 (Not Found) @ http://localhost:5173/src/features/stocks/pages/StocksPage.tsx?t=1777739099627:0
[ 1026995ms] [ERROR] [vite] Failed to reload /src/features/stocks/pages/StocksPage.tsx. This could be due to syntax errors or importing non-existent modules. (see errors above) @ http://localhost:5173/@vite/client:509
[ 1027006ms] [ERROR] Failed to load resource: the server responded with a status of 404 (Not Found) @ http://localhost:5173/src/features/stocks/pages/StocksPage.tsx?t=1777739099628:0
[ 1027006ms] [ERROR] [vite] Failed to reload /src/features/stocks/pages/StocksPage.tsx. This could be due to syntax errors or importing non-existent modules. (see errors above) @ http://localhost:5173/@vite/client:509
[ 1027010ms] [ERROR] Failed to load resource: the server responded with a status of 404 (Not Found) @ http://localhost:5173/src/features/suppliers/pages/SuppliersPage.tsx?t=1777739099629:0
[ 1027010ms] [ERROR] [vite] Failed to reload /src/features/suppliers/pages/SuppliersPage.tsx. This could be due to syntax errors or importing non-existent modules. (see errors above) @ http://localhost:5173/@vite/client:509
[ 1027016ms] [ERROR] Failed to load resource: the server responded with a status of 404 (Not Found) @ http://localhost:5173/src/features/suppliers/pages/SuppliersPage.tsx?t=1777739099630:0
[ 1027016ms] [ERROR] [vite] Failed to reload /src/features/suppliers/pages/SuppliersPage.tsx. This could be due to syntax errors or importing non-existent modules. (see errors above) @ http://localhost:5173/@vite/client:509
[ 1027023ms] [ERROR] Failed to load resource: the server responded with a status of 404 (Not Found) @ http://localhost:5173/src/features/users/pages/UsersPage.tsx?t=1777739099631:0
[ 1027023ms] [ERROR] [vite] Failed to reload /src/features/users/pages/UsersPage.tsx. This could be due to syntax errors or importing non-existent modules. (see errors above) @ http://localhost:5173/@vite/client:509
[ 1027061ms] [ERROR] Failed to load resource: the server responded with a status of 404 (Not Found) @ http://localhost:5173/src/features/users/components/UserModal.tsx?t=1777739099631:0
[ 1027061ms] [ERROR] [vite] Failed to reload /src/features/users/components/UserModal.tsx. This could be due to syntax errors or importing non-existent modules. (see errors above) @ http://localhost:5173/@vite/client:509
[ 1027078ms] [ERROR] Failed to load resource: the server responded with a status of 404 (Not Found) @ http://localhost:5173/src/features/users/components/UserModal.tsx?t=1777739099632:0
[ 1027078ms] [ERROR] [vite] Failed to reload /src/features/users/components/UserModal.tsx. This could be due to syntax errors or importing non-existent modules. (see errors above) @ http://localhost:5173/@vite/client:509
[ 1027082ms] [ERROR] Failed to load resource: the server responded with a status of 404 (Not Found) @ http://localhost:5173/src/features/users/pages/UsersPage.tsx?t=1777739099633:0
[ 1027082ms] [ERROR] [vite] Failed to reload /src/features/users/pages/UsersPage.tsx. This could be due to syntax errors or importing non-existent modules. (see errors above) @ http://localhost:5173/@vite/client:509
[ 1027093ms] [ERROR] Failed to load resource: the server responded with a status of 404 (Not Found) @ http://localhost:5173/src/lib/permissions-context.tsx?t=1777739099634:0
[ 1027093ms] [ERROR] [vite] Failed to reload /src/lib/permissions-context.tsx. This could be due to syntax errors or importing non-existent modules. (see errors above) @ http://localhost:5173/@vite/client:509
[ 1547694ms] [INFO] %cDownload the React DevTools for a better development experience: https://react.dev/link/react-devtools font-weight:bold @ http://localhost:5173/node_modules/.vite/deps/react-dom_client.js?v=c3081d99:14337
[ 3468312ms] [ERROR] Failed to load resource: the server responded with a status of 500 (Internal Server Error) @ http://localhost:5173/src/features/besoins/pages/BesoinsPage.tsx:0
[ 3468312ms] [ERROR] [vite] Failed to reload /src/router.tsx. This could be due to syntax errors or importing non-existent modules. (see errors above) @ http://localhost:5173/@vite/client:509
[ 3471804ms] [ERROR] [vite] Failed to reload /src/router.tsx. This could be due to syntax errors or importing non-existent modules. (see errors above) @ http://localhost:5173/@vite/client:509
[ 3476370ms] [ERROR] [vite] Failed to reload /src/App.tsx. This could be due to syntax errors or importing non-existent modules. (see errors above) @ http://localhost:5173/@vite/client:509
[ 3557775ms] [ERROR] Failed to load resource: the server responded with a status of 500 (Internal Server Error) @ http://localhost:5173/src/features/besoins/pages/BesoinsPage.tsx?t=1777741630451:0
[ 3557775ms] [ERROR] [vite] Failed to reload /src/router.tsx. This could be due to syntax errors or importing non-existent modules. (see errors above) @ http://localhost:5173/@vite/client:509
[ 3557783ms] [ERROR] [vite] Failed to reload /src/router.tsx. This could be due to syntax errors or importing non-existent modules. (see errors above) @ http://localhost:5173/@vite/client:509
[ 3557933ms] [ERROR] Failed to load resource: the server responded with a status of 500 (Internal Server Error) @ http://localhost:5173/src/features/besoins/pages/BesoinsPage.tsx?t=1777741630451:0
[ 3688300ms] The requested module '/src/lib/api.ts' does not provide an export named 'default'
