[     120ms] [INFO] %cDownload the React DevTools for a better development experience: https://react.dev/link/react-devtools font-weight:bold @ http://localhost:5173/node_modules/.vite/deps/react-dom_client.js?v=c3081d99:14337
[  333581ms] [ERROR] Failed to load resource: the server responded with a status of 404 (Not Found) @ http://localhost:5173/src/components/guards/RoleGuard.tsx?t=1777735461904:0
[  333581ms] [ERROR] [vite] Failed to reload /src/components/guards/RoleGuard.tsx. This could be due to syntax errors or importing non-existent modules. (see errors above) @ http://localhost:5173/@vite/client:509
[  333583ms] [ERROR] Failed to load resource: the server responded with a status of 404 (Not Found) @ http://localhost:5173/src/features/accounting/pages/ProjectAccountingPage.tsx?t=1777735461905:0
[  333583ms] [ERROR] [vite] Failed to reload /src/features/accounting/pages/ProjectAccountingPage.tsx. This could be due to syntax errors or importing non-existent modules. (see errors above) @ http://localhost:5173/@vite/client:509
[  333585ms] [ERROR] Failed to load resource: the server responded with a status of 404 (Not Found) @ http://localhost:5173/src/features/accounting/pages/AccountingDashboardPage.tsx?t=1777735461906:0
[  333585ms] [ERROR] [vite] Failed to reload /src/features/accounting/pages/AccountingDashboardPage.tsx. This could be due to syntax errors or importing non-existent modules. (see errors above) @ http://localhost:5173/@vite/client:509
[  333588ms] [ERROR] Failed to load resource: the server responded with a status of 404 (Not Found) @ http://localhost:5173/src/features/accounting/pages/AccountingDashboardPage.tsx?t=1777735461907:0
[  333588ms] [ERROR] [vite] Failed to reload /src/features/accounting/pages/AccountingDashboardPage.tsx. This could be due to syntax errors or importing non-existent modules. (see errors above) @ http://localhost:5173/@vite/client:509
[  333592ms] [ERROR] Failed to load resource: the server responded with a status of 404 (Not Found) @ http://localhost:5173/src/features/accounting/pages/ProjectAccountingPage.tsx?t=1777735461908:0
[  333592ms] [ERROR] [vite] Failed to reload /src/features/accounting/pages/ProjectAccountingPage.tsx. This could be due to syntax errors or importing non-existent modules. (see errors above) @ http://localhost:5173/@vite/client:509
[  333595ms] [ERROR] Failed to load resource: the server responded with a status of 404 (Not Found) @ http://localhost:5173/src/features/achats/pages/AchatsPage.tsx?t=1777735461909:0
[  333596ms] [ERROR] [vite] Failed to reload /src/features/achats/pages/AchatsPage.tsx. This could be due to syntax errors or importing non-existent modules. (see errors above) @ http://localhost:5173/@vite/client:509
[  333596ms] [ERROR] Failed to load resource: the server responded with a status of 404 (Not Found) @ http://localhost:5173/src/features/operations/pages/OperationsDashboardPage.tsx?t=1777735461909:0
[  333596ms] [ERROR] [vite] Failed to reload /src/features/operations/pages/OperationsDashboardPage.tsx. This could be due to syntax errors or importing non-existent modules. (see errors above) @ http://localhost:5173/@vite/client:509
[  333603ms] [ERROR] Failed to load resource: the server responded with a status of 404 (Not Found) @ http://localhost:5173/src/features/achats/pages/AchatsPage.tsx?t=1777735461910:0
[  333603ms] [ERROR] [vite] Failed to reload /src/features/achats/pages/AchatsPage.tsx. This could be due to syntax errors or importing non-existent modules. (see errors above) @ http://localhost:5173/@vite/client:509
[  333612ms] [ERROR] Failed to load resource: the server responded with a status of 404 (Not Found) @ http://localhost:5173/src/features/dashboard/components/AiAnalysisWidget.tsx?t=1777735461911:0
[  333612ms] [ERROR] [vite] Failed to reload /src/features/dashboard/components/AiAnalysisWidget.tsx. This could be due to syntax errors or importing non-existent modules. (see errors above) @ http://localhost:5173/@vite/client:509
[  333620ms] [ERROR] Failed to load resource: the server responded with a status of 404 (Not Found) @ http://localhost:5173/src/features/dashboard/components/AiAnalysisWidget.tsx?t=1777735461912:0
[  333621ms] [ERROR] [vite] Failed to reload /src/features/dashboard/components/AiAnalysisWidget.tsx. This could be due to syntax errors or importing non-existent modules. (see errors above) @ http://localhost:5173/@vite/client:509
[  333626ms] [ERROR] Failed to load resource: the server responded with a status of 404 (Not Found) @ http://localhost:5173/src/features/ged/pages/GedPage.tsx?t=1777735461913:0
[  333627ms] [ERROR] [vite] Failed to reload /src/features/ged/pages/GedPage.tsx. This could be due to syntax errors or importing non-existent modules. (see errors above) @ http://localhost:5173/@vite/client:509
[  333632ms] [ERROR] Failed to load resource: the server responded with a status of 404 (Not Found) @ http://localhost:5173/src/features/ged/pages/GedPage.tsx?t=1777735461914:0
[  333632ms] [ERROR] [vite] Failed to reload /src/features/ged/pages/GedPage.tsx. This could be due to syntax errors or importing non-existent modules. (see errors above) @ http://localhost:5173/@vite/client:509
[  333636ms] [ERROR] Failed to load resource: the server responded with a status of 404 (Not Found) @ http://localhost:5173/src/features/operations/pages/OperationsDashboardPage.tsx?t=1777735461915:0
[  333636ms] [ERROR] [vite] Failed to reload /src/features/operations/pages/OperationsDashboardPage.tsx. This could be due to syntax errors or importing non-existent modules. (see errors above) @ http://localhost:5173/@vite/client:509
[  333639ms] [ERROR] Failed to load resource: the server responded with a status of 404 (Not Found) @ http://localhost:5173/src/features/operations/pages/OperationsDashboardPage.tsx?t=1777735461916:0
[  333639ms] [ERROR] [vite] Failed to reload /src/features/operations/pages/OperationsDashboardPage.tsx. This could be due to syntax errors or importing non-existent modules. (see errors above) @ http://localhost:5173/@vite/client:509
[  333643ms] [ERROR] Failed to load resource: the server responded with a status of 404 (Not Found) @ http://localhost:5173/src/features/permissions/pages/PermissionsPage.tsx?t=1777735461917:0
[  333644ms] [ERROR] [vite] Failed to reload /src/features/permissions/pages/PermissionsPage.tsx. This could be due to syntax errors or importing non-existent modules. (see errors above) @ http://localhost:5173/@vite/client:509
[  333648ms] [ERROR] Failed to load resource: the server responded with a status of 404 (Not Found) @ http://localhost:5173/src/features/projects/components/SituationTravauxModal.tsx?t=1777735461918:0
[  333648ms] [ERROR] [vite] Failed to reload /src/features/projects/components/SituationTravauxModal.tsx. This could be due to syntax errors or importing non-existent modules. (see errors above) @ http://localhost:5173/@vite/client:509
[  333651ms] [ERROR] Failed to load resource: the server responded with a status of 404 (Not Found) @ http://localhost:5173/src/features/projects/components/SituationTravauxModal.tsx?t=1777735461919:0
[  333651ms] [ERROR] [vite] Failed to reload /src/features/projects/components/SituationTravauxModal.tsx. This could be due to syntax errors or importing non-existent modules. (see errors above) @ http://localhost:5173/@vite/client:509
[  333655ms] [ERROR] Failed to load resource: the server responded with a status of 404 (Not Found) @ http://localhost:5173/src/features/stocks/pages/StocksPage.tsx?t=1777735461920:0
[  333655ms] [ERROR] [vite] Failed to reload /src/features/stocks/pages/StocksPage.tsx. This could be due to syntax errors or importing non-existent modules. (see errors above) @ http://localhost:5173/@vite/client:509
[  333660ms] [ERROR] Failed to load resource: the server responded with a status of 404 (Not Found) @ http://localhost:5173/src/features/stocks/pages/StocksPage.tsx?t=1777735461921:0
[  333660ms] [ERROR] [vite] Failed to reload /src/features/stocks/pages/StocksPage.tsx. This could be due to syntax errors or importing non-existent modules. (see errors above) @ http://localhost:5173/@vite/client:509
[  333665ms] [ERROR] Failed to load resource: the server responded with a status of 404 (Not Found) @ http://localhost:5173/src/features/suppliers/pages/SuppliersPage.tsx?t=1777735461922:0
[  333665ms] [ERROR] [vite] Failed to reload /src/features/suppliers/pages/SuppliersPage.tsx. This could be due to syntax errors or importing non-existent modules. (see errors above) @ http://localhost:5173/@vite/client:509
[  333669ms] [ERROR] Failed to load resource: the server responded with a status of 404 (Not Found) @ http://localhost:5173/src/features/suppliers/pages/SuppliersPage.tsx?t=1777735461923:0
[  333669ms] [ERROR] [vite] Failed to reload /src/features/suppliers/pages/SuppliersPage.tsx. This could be due to syntax errors or importing non-existent modules. (see errors above) @ http://localhost:5173/@vite/client:509
[  333672ms] [ERROR] Failed to load resource: the server responded with a status of 404 (Not Found) @ http://localhost:5173/src/features/users/pages/UsersPage.tsx?t=1777735461924:0
[  333672ms] [ERROR] [vite] Failed to reload /src/features/users/pages/UsersPage.tsx. This could be due to syntax errors or importing non-existent modules. (see errors above) @ http://localhost:5173/@vite/client:509
[  333672ms] [ERROR] Failed to load resource: the server responded with a status of 404 (Not Found) @ http://localhost:5173/src/features/users/components/UserModal.tsx?t=1777735461924:0
[  333673ms] [ERROR] [vite] Failed to reload /src/features/users/components/UserModal.tsx. This could be due to syntax errors or importing non-existent modules. (see errors above) @ http://localhost:5173/@vite/client:509
[  333676ms] [ERROR] Failed to load resource: the server responded with a status of 404 (Not Found) @ http://localhost:5173/src/features/users/components/UserModal.tsx?t=1777735461925:0
[  333676ms] [ERROR] [vite] Failed to reload /src/features/users/components/UserModal.tsx. This could be due to syntax errors or importing non-existent modules. (see errors above) @ http://localhost:5173/@vite/client:509
[  333681ms] [ERROR] Failed to load resource: the server responded with a status of 404 (Not Found) @ http://localhost:5173/src/features/users/pages/UsersPage.tsx?t=1777735461926:0
[  333681ms] [ERROR] [vite] Failed to reload /src/features/users/pages/UsersPage.tsx. This could be due to syntax errors or importing non-existent modules. (see errors above) @ http://localhost:5173/@vite/client:509
[  333686ms] [ERROR] Failed to load resource: the server responded with a status of 404 (Not Found) @ http://localhost:5173/src/lib/permissions-context.tsx?t=1777735461927:0
[  333686ms] [ERROR] [vite] Failed to reload /src/lib/permissions-context.tsx. This could be due to syntax errors or importing non-existent modules. (see errors above) @ http://localhost:5173/@vite/client:509
